TLC2 Version 2.19 of 08 August 2024 (rev: 5a47802)
Warning: Please run the Java VM which executes TLC with a throughput optimized garbage collector by passing the "-XX:+UseParallelGC" property.
(Use the -nowarning option to disable this warning.)
Running breadth-first search Model-Checking with fp 128 and seed -4254284375436014920 with 8 workers on 8 cores with 3966MB heap and 64MB offheap memory [pid: 91812] (Linux 7.0.12-101.fc43.x86_64 amd64, Red Hat, Inc. 25.0.3 x86_64, MSBDiskFPSet, DiskStateQueue).
Parsing file /home/konsyrros/Coding/smartbft_SoftwareAnalysis/ClaudeSmartBFT.tla
Parsing file /tmp/Naturals.tla
Parsing file /tmp/FiniteSets.tla
Parsing file /tmp/TLC.tla
Parsing file /tmp/Sequences.tla
Semantic processing of module Naturals
Semantic processing of module Sequences
Semantic processing of module FiniteSets
Semantic processing of module TLC
Semantic processing of module ClaudeSmartBFT
Starting... (2026-06-24 16:17:18)
Computing initial states...
Finished computing initial states: 1 distinct state generated at 2026-06-24 16:17:18.
Progress(10) at 2026-06-24 16:17:21: 471,971 states generated (471,971 s/min), 63,482 distinct states found (63,482 ds/min), 36,262 states left on queue.
Progress(16) at 2026-06-24 16:18:21: 13,814,654 states generated (13,342,683 s/min), 1,087,683 distinct states found (1,024,201 ds/min), 300,030 states left on queue.
Progress(19) at 2026-06-24 16:19:21: 27,075,243 states generated (13,260,589 s/min), 1,911,364 distinct states found (823,681 ds/min), 353,063 states left on queue.
Progress(21) at 2026-06-24 16:20:21: 40,279,674 states generated (13,204,431 s/min), 2,618,026 distinct states found (706,662 ds/min), 274,402 states left on queue.
Progress(25) at 2026-06-24 16:21:21: 53,307,289 states generated (13,027,615 s/min), 3,188,396 distinct states found (570,370 ds/min), 45,367 states left on queue.
Model checking completed. No error has been found.
  Estimates of the probability that TLC did not check all reachable states
  because two distinct states had the same fingerprint:
  calculated (optimistic):  val = 8.9E-6
  based on the actual fingerprints:  val = 7.7E-6
54402881 states generated, 3215680 distinct states found, 0 states left on queue.
The depth of the complete state graph search is 31.
The average outdegree of the complete state graph is 1 (minimum is 0, the maximum 16 and the 95th percentile is 4).
Finished in 04min 08s at (2026-06-24 16:21:26)
