TLC2 Version 2.19 of 08 August 2024 (rev: 5a47802)
Warning: Please run the Java VM which executes TLC with a throughput optimized garbage collector by passing the "-XX:+UseParallelGC" property.
(Use the -nowarning option to disable this warning.)
Running breadth-first search Model-Checking with fp 82 and seed -7139561105885531307 with 22 workers on 22 cores with 7796MB heap and 64MB offheap memory [pid: 59744] (Linux 7.0.0-22-generic amd64, Ubuntu 25.0.3 x86_64, MSBDiskFPSet, DiskStateQueue).
Parsing file /home/jayran/Projects/Personal/SA_SMARTBFT/SmartBFT.tla
Parsing file /tmp/Naturals.tla
Parsing file /tmp/FiniteSets.tla
Parsing file /tmp/Sequences.tla
Semantic processing of module Naturals
Semantic processing of module Sequences
Semantic processing of module FiniteSets
Semantic processing of module SmartBFT
Starting... (2026-06-19 12:54:23)
Computing initial states...
Finished computing initial states: 1 distinct state generated at 2026-06-19 12:54:23.
Progress(27) at 2026-06-19 12:54:26: 2,274,553 states generated (2,274,553 s/min), 559,470 distinct states found (559,470 ds/min), 197,598 states left on queue.
Model checking completed. No error has been found.
  Estimates of the probability that TLC did not check all reachable states
  because two distinct states had the same fingerprint:
  calculated (optimistic):  val = 3.6E-7
  based on the actual fingerprints:  val = 8.8E-8
6745761 states generated, 1212432 distinct states found, 0 states left on queue.
The depth of the complete state graph search is 36.
The average outdegree of the complete state graph is 1 (minimum is 0, the maximum 7 and the 95th percentile is 3).
Finished in 07s at (2026-06-19 12:54:31)
